// Jest Snapshot v1, https://goo.gl/fbAQLP

exports[`should render add expense correctly 1`] = `
<div>
  <p>
    aggiungi spese
  </p>
  <ExpenseForm
    onSubmit={[Function]}
  />
</div>
`;
