// Jest Snapshot v1, https://goo.gl/fbAQLP

exports[`should expense dashboard render 1`] = `
<div>
  <p>
    la merda di cane puzza
  </p>
  <Connect(ExpenseListFilter) />
  <Connect(ExpenseList) />
  <Connect(ExpenseSummary) />
</div>
`;
