// Jest Snapshot v1, https://goo.gl/fbAQLP

exports[`shoul render the header correctly 1`] = `
<header>
  <h1>
    Expensive app
  </h1>
  <div>
    <NavLink
      activeClassName="is-active"
      exact={true}
      to="/"
    >
      Home
    </NavLink>
    <NavLink
      activeClassName="is-active"
      to="/help"
    >
      Help
    </NavLink>
    <NavLink
      activeClassName="is-active"
      to="/create"
    >
      Create
    </NavLink>
  </div>
</header>
`;
