// Jest Snapshot v1, https://goo.gl/fbAQLP

exports[`shoul NotFound component render 1`] = `
<div>
  <p>
    404
  </p>
</div>
`;
